{"success":true,"message":"Amadeus auth OK (fresh token)","keyPrefix":"c80v38DF...","tokenLength":28,"tokenPrefix":"HGFNjYSN8I..."}
